-
    setIdentifier: YS18
    cardIdentifier: DE043
    title: 'STARTER DECK CODEBREAKER'
    rarity: Common
    lang: de
-
    setIdentifier: SP18
    cardIdentifier: DE031
    title: 'STAR PACK: VRAINS'
    rarity: Shatterfoil
    lang: de
-
    setIdentifier: OP06
    cardIdentifier: DE001
    title: 'OTS TOURNAMENT PACK 6'
    rarity: 'Ultimate Rare'
    lang: de
-
    setIdentifier: YS17
    cardIdentifier: DE041
    title: 'STARTER DECK - LINK STRIKE -'
    rarity: 'Ultra Rare'
    lang: de
-
    setIdentifier: YS18
    cardIdentifier: EN043
    title: 'STARTER DECK CODEBREAKER'
    rarity: Common
    lang: en
-
    setIdentifier: SP18
    cardIdentifier: EN031
    title: 'STAR PACK: VRAINS'
    rarity: Shattefoil
    lang: en
-
    setIdentifier: OP06
    cardIdentifier: EN001
    title: 'OTS TOURNAMENT PACK 6'
    rarity: 'Ultimate Rare'
    lang: en
-
    setIdentifier: YS17
    cardIdentifier: EN041
    title: 'STARTER DECK - LINK STRIKE -'
    rarity: 'Ultra Rare'
    lang: en
