-
    setIdentifier: PEVO
    cardIdentifier: DE057
    title: 'PENDULUM EVOLUTION'
    rarity: 'Super Rare'
-
    setIdentifier: MP15
    cardIdentifier: DE144
    title: '2015 MEGA-TINS MEGA PACK'
    rarity: 'Ultra Rare'
-
    setIdentifier: NECH
    cardIdentifier: DE021
    title: 'THE NEW CHALLENGERS'
    rarity: 'Ultra Rare'
-
    setIdentifier: PEVO
    cardIdentifier: EN057
    title: 'PENDULUM EVOLUTION'
    rarity: 'Super Rare'
-
    setIdentifier: MP15
    cardIdentifier: EN144
    title: '2015 MEGA-TINS MEGA PACK'
    rarity: 'Ultra Rare'
-
    setIdentifier: NECH
    cardIdentifier: EN021
    title: 'THE NEW CHALLENGERS'
    rarity: 'Ultra Rare'
