-
    setIdentifier: SAST
    cardIdentifier: DE000
    title: 'SAVAGE STRIKE'
    rarity: 'Ultra Rare'
-
    setIdentifier: SAST
    cardIdentifier: EN000
    title: 'SAVAGE STRIKE'
    rarity: 'Ultra Rare'
