-
    setIdentifier: SAST
    cardIdentifier: DE071
    title: 'SAVAGE STRIKE'
    rarity: 'Super Rare'
    lang: de
-
    setIdentifier: SAST
    cardIdentifier: EN071
    title: 'SAVAGE STRIKE'
    rarity: 'Super Rare'
    lang: en
