-
    setIdentifier: PGL3
    cardIdentifier: DE081
    title: 'PREMIUM GOLD: INFINITE GOLD'
    rarity: 'Gold Rare'
-
    setIdentifier: HSRD
    cardIdentifier: DE054
    title: 'HIGH-SPEED RIDERS'
    rarity: 'Ultra Rare'
-
    setIdentifier: LC5D
    cardIdentifier: DE251
    title: 'LEGENDARY COLLECTION 5D''s MEGA PACK'
    rarity: 'Secret Rare'
-
    setIdentifier: TDGS
    cardIdentifier: DE053
    title: 'THE DUELIST GENESIS'
    rarity: 'Ultra Rare'
-
    setIdentifier: TDGS
    cardIdentifier: DE053
    title: 'THE DUELIST GENESIS'
    rarity: 'Ultimate Rare'
-
    setIdentifier: PGL3
    cardIdentifier: EN081
    title: 'PREMIUM GOLD: INFINITE GOLD'
    rarity: 'Gold Rare'
-
    setIdentifier: HSRD
    cardIdentifier: EN054
    title: 'HIGH-SPEED RIDERS'
    rarity: 'Ultra Rare'
-
    setIdentifier: LC5D
    cardIdentifier: EN251
    title: 'LEGENDARY COLLECTION 5D''s MEGA PACK'
    rarity: 'Secret Rare'
-
    setIdentifier: TDGS
    cardIdentifier: EN053
    title: 'THE DUELIST GENESIS'
    rarity: 'Ultra Rare'
-
    setIdentifier: TDGS
    cardIdentifier: EN053
    title: 'THE DUELIST GENESIS'
    rarity: 'Ultimate Rare'
