-
    setIdentifier: PEVO
    cardIdentifier: DE001
    title: 'PENDULUM EVOLUTION'
    rarity: 'Ultra Rare'
-
    setIdentifier: PEVO
    cardIdentifier: EN001
    title: 'PENDULUM EVOLUTION'
    rarity: 'Ultra Rare'
