-
    setIdentifier: SAST
    cardIdentifier: DE057
    title: 'SAVAGE STRIKE'
    rarity: Rare
-
    setIdentifier: SAST
    cardIdentifier: EN057
    title: 'SAVAGE STRIKE'
    rarity: Rare
