-
    setIdentifier: SDSE
    cardIdentifier: DE042
    title: 'STRUCTURE DECK SYNCHRON EXTREME'
    rarity: 'Super Rare'
-
    setIdentifier: SDSE
    cardIdentifier: EN042
    title: 'SYNCHRON EXTREME STRUCTURE DECK'
    rarity: 'Super Rare'
